  4013F8      8E5 Code                ABBREAK_TEXT
  401CE0     50B4 Code                ABBROWSE_TEXT
  406D94     112F Code                ABEIP_TEXT
  407EC4     28B4 Code                ABERROR_TEXT
  40A778     676B Code                ABFILE_TEXT
  410EE4      159 Code                ABFUZZY_TEXT
  411040     2288 Code                ABPOPUP_TEXT
  4132C8     27F6 Code                ABQUERY_TEXT
  415AC0     4BF1 Code                ABREPORT_TEXT
  41A6B4       91 Code                ABRESIZE_TEXT
  41A748       37 Code                ABRPATMG_TEXT
  41A780      EB9 Code                ABRPPSEL_TEXT
  41B63C      8C2 Code                ABTOOLBA_TEXT
  41BF00     2B51 Code                ABUTIL_TEXT
  41EA54     1DEE Code                ABWINDOW_TEXT
  420844     56E6 Code                ABWMFPAR_TEXT
  425F2C       80 Code                CWSYNCHC_TEXT
  425FAC       23 Code                IEXE32_TEXT
  425FD0      6DF Code                INIT_TEXT
  4266B0       37 Code                INST00_TEXT
  4266E8     3E1F Code                ZAVRSNIML001_TEXT
  42A508     49FE Code                ZAVRSNIML002_TEXT
  42EF08      758 Code                ZAVRSNIML003_TEXT
  42F660     1C4D Code                ZAVRSNIML_BC0_TEXT
  4312B0       13 Code                ZAVRSNIML_BC_TEXT
  4312C4       B0 Code                ZAVRSNIML_TEXT
  432000     1290 Initialized Data    $DEFAULTERRORS_DATA
  433290       6F Initialized Data    ABBREAK_CONST
  433300      101 Initialized Data    ABBROWSE_CONST
  433404      CD0 Initialized Data    ABBROWSE_DATA
  4340D4       23 Initialized Data    ABEIP_CONST
  4340F8       B4 Initialized Data    ABEIP_DATA
  4341AC      16F Initialized Data    ABERROR_CONST
  43431C      AA4 Initialized Data    ABERROR_DATA
  434DC0       CD Initialized Data    ABFILE_CONST
  434E90      410 Initialized Data    ABFILE_DATA
  4352A0       B4 Initialized Data    ABFUZZY_DATA
  435354       2D Initialized Data    ABPOPUP_CONST
  435384      128 Initialized Data    ABPOPUP_DATA
  4354AC       DE Initialized Data    ABQUERY_CONST
  43558C       87 Initialized Data    ABQUERY_DATA
  435614      12E Initialized Data    ABREPORT_CONST
  435744      944 Initialized Data    ABREPORT_DATA
  436088        1 Initialized Data    ABRPATMG_CONST
  43608C       44 Initialized Data    ABRPATMG_DATA
  4360D0       7F Initialized Data    ABRPPSEL_CONST
  436150      11D Initialized Data    ABRPPSEL_DATA
  436270      390 Initialized Data    ABTOOLBA_DATA
  436600       6A Initialized Data    ABUTIL_CONST
  43666C      261 Initialized Data    ABUTIL_DATA
  4368D0       9B Initialized Data    ABWINDOW_DATA
  43696C      101 Initialized Data    ABWMFPAR_CONST
  436A70      E61 Initialized Data    ABWMFPAR_DATA
  4378D4       48 Initialized Data    CWSYNCHC_DATA
  43791C        E Initialized Data    CWUTIL_CONST
  43792C       36 Initialized Data    CWUTIL_DATA
  437964       44 Initialized Data    IEXE32_DATA
  4379A8      193 Initialized Data    ZAVRSNIML001_CONST
  437B3C     3F3C Initialized Data    ZAVRSNIML001_DATA
  43BA78      224 Initialized Data    ZAVRSNIML002_CONST
  43BC9C     2814 Initialized Data    ZAVRSNIML002_DATA
  43E4B0       4D Initialized Data    ZAVRSNIML003_CONST
  43E500      698 Initialized Data    ZAVRSNIML003_DATA
  43EB98      211 Initialized Data    ZAVRSNIML_BC0_CONST
  43EDAC     1F00 Initialized Data    ZAVRSNIML_BC0_DATA
  440CAC      187 Initialized Data    ZAVRSNIML_CONST
  440E34      418 Initialized Data    ZAVRSNIML_DATA
  44124C        0 Initialized Data    __CPPINI_CONS
  44124C      2BC Initialized Data    __CPPINI_CONST
  441508        4 Initialized Data    __CPPINI_END
  44150C        0 Initialized Data    __INIVMT_CONS
  44150C      278 Initialized Data    __INIVMT_CONST
  441784        0 Initialized Data    __INIVMT_CONST_END
  441790     1623 Un-initialized Data $FUZZYMATCHER_BSS
  442DB4       40 Un-initialized Data ABEIP_BSS
  442DF4      404 Un-initialized Data ABERROR_BSS
  4431F8       10 Un-initialized Data ABFILE_BSS
  443208        4 Un-initialized Data ABFUZZY_BSS
  44320C      104 Un-initialized Data ABUTIL_BSS
  443310        0 Un-initialized Data ABWMFPAR_BSS
  443310        0 Un-initialized Data CWUTIL_BSS
  443310      14C Un-initialized Data ZAVRSNIML_BSS
  444000        8 __T_L_S__DAT
  444008      8A0 __T_L_S__DATA
  4448A8        0 __T_L_S__DATA_END
  4448B0        0 __T_L_S__BS
  4448B0    1381C __T_L_S__BSS
  4580CC        0 __T_L_S__BSS_END

  4013F8 EVALUATELEVEL@F17LEVELMANAGERCLASSs
  401484 RESTORERESETBUFFER@F17LEVELMANAGERCLASSs
  4014FC SAVERESETBUFFER@F17LEVELMANAGERCLASSs
  401594 RESTOREBUFFEROFF@F17LEVELMANAGERCLASS
  4015E8 RESTOREBUFFERON@F17LEVELMANAGERCLASS
  401654 SAVEBUFFER@F17LEVELMANAGERCLASS
  4016A8 REFRESHFIELDS@F17LEVELMANAGERCLASSs
  4017E0 RESETTOTALS@F17LEVELMANAGERCLASSs
  4018B4 ASKLEVELOFF@F17LEVELMANAGERCLASSs
  40197C ASKLEVELON@F17LEVELMANAGERCLASSs
  4019E8 ASKLEVEL@F17LEVELMANAGERCLASSUc
  401AA8 RESET@F17LEVELMANAGERCLASS
  401C34 ASKBREAK@F17BREAKMANAGERCLASSUc
  401C8C RESET@F17BREAKMANAGERCLASS
  4022FC KILL_@_WINDOWCOMPONENT_@_BROWSECLASS@F15WINDOWCOMPONENT
  40230C RESET_@_WINDOWCOMPONENT_@_BROWSECLASS@F15WINDOWCOMPONENTUc
  402320 RESETREQUIRED_@_WINDOWCOMPONENT_@_BROWSECLASS@F15WINDOWCOMPONENT
  402330 SETALERTS_@_WINDOWCOMPONENT_@_BROWSECLASS@F15WINDOWCOMPONENT
  402344 TAKEEVENT_@_WINDOWCOMPONENT_@_BROWSECLASS@F15WINDOWCOMPONENT
  402358 UPDATE_@_WINDOWCOMPONENT_@_BROWSECLASS@F15WINDOWCOMPONENT
  40236C UPDATEWINDOW_@_WINDOWCOMPONENT_@_BROWSECLASS@F15WINDOWCOMPONENT
  402380 DOSHOWWAITCURSOR@F11BROWSECLASSUc
  4023B8 SHOWWAITCURSOR@F11BROWSECLASSUc
  4023CC SETUSEWAITCURSOR@F11BROWSECLASSUc
  4023D4 UPDATEWINDOW@F11BROWSECLASS
  4025B4 UPDATEVIEWRECORD@F11BROWSECLASS
  402698 UPDATETOOLBARBUTTONS@F11BROWSECLASS
  402720 UPDATETHUMBFIXED@F11BROWSECLASS
  4028D0 UPDATETHUMB@F11BROWSECLASS
  402B74 UPDATERESETS@F11BROWSECLASS
  402B88 UPDATEBUFFER@F11BROWSECLASS
  402BC0 TAKEVCRSCROLL@F11BROWSECLASSl
  402CA8 TAKESCROLL@F11BROWSECLASSl
  402D2C TAKENEWSELECTION@F11BROWSECLASS
  402DC0 TAKELOCATE@F11BROWSECLASS
  402E38 TAKEKEY@F11BROWSECLASS
  4030DC TAKEEVENT@F11BROWSECLASS
  4037EC TAKECHOICECHANGED@F11BROWSECLASS
  403854 TAKEACCEPTEDLOCATOR@F11BROWSECLASS
  403948 GETUSEMRP@F11BROWSECLASS
  40394C SETUSEMRP@F11BROWSECLASSUc
  403950 SETUSEPOPUP@F11BROWSECLASSUc
  403954 SETSORT@F11BROWSECLASSUcUc
  403A90 SETQUEUERECORD@F11BROWSECLASS
  403AB0 SETALERTS@F11BROWSECLASS
  403FC4 SCROLLPAGE@F11BROWSECLASSl
  4040A8 SCROLLONE@F11BROWSECLASSl
  404108 SCROLLEND@F11BROWSECLASSl
  404180 SAVESORT@F11BROWSECLASS
  404274 RESETTHUMBLIMITS@F11BROWSECLASS
  4043B0 RESETSORT@F11BROWSECLASSUc
  4043D4 RESETRESETS@F11BROWSECLASS
  4043E8 RESETQUEUE@F11BROWSECLASSUc
  404990 RESETFROMVIEW@F11BROWSECLASS
  4049C8 RESETFROMFILE@F11BROWSECLASS
  4049EC RESETFROMBUFFER@F11BROWSECLASS
  404A5C RESETFROMASK@F11BROWSECLASSRUcRUc
  404C54 REPLACESORT@F11BROWSECLASSsb12LOCATORCLASS9STEPCLASS
  404D2C RECORDS@F11BROWSECLASS
  404D94 PREVIOUS@F11BROWSECLASS
  404DE0 POSTNEWSELECTION@F11BROWSECLASS
  404E38 NOTIFYUPDATEERROR@F11BROWSECLASS
  404E58 NEXT@F11BROWSECLASS
  404EA4 KILL@F11BROWSECLASS
  4050E8 INITSORT@F11BROWSECLASSUc
  40513C INIT@F11BROWSECLASS12ILISTCONTROLBi11BROWSEQUEUE15RELATIONMANAGER13WINDOWMANAGER
  405248 INIT@F11BROWSECLASSlRsbBiBq15RELATIONMANAGER13WINDOWMANAGER
  4052AC FETCH@F11BROWSECLASSUc
  405538 CHECKEIP@F11BROWSECLASS
  4055FC ASKRECORD@F11BROWSECLASSUc
  405610 ASK@F11BROWSECLASSUc
  4056E0 APPLYRANGE@F11BROWSECLASS
  40574C ADDTOOLBARTARGET@F11BROWSECLASS12TOOLBARCLASS
  4057A0 ADDSORTORDER@F11BROWSECLASS9STEPCLASSBk
  40581C ADDLOCATOR@F11BROWSECLASS12LOCATORCLASS
  405838 ADDFIELD@F11BROWSECLASSRsbRsb
  405894 ADDFIELD@F11BROWSECLASSRlRl
  4058F4 ADDFIELD@F11BROWSECLASSRuRu
  405934 ADDEDITCONTROL@F11BROWSECLASS9EDITCLASSlUc
  405948 RECORDS_@_BROWSEQUEUE_@_STANDARDBEHAVIOR@F11BROWSEQUEUE
  405954 INSERT_@_BROWSEQUEUE_@_STANDARDBEHAVIOR@F11BROWSEQUEUE
  405960 INSERT_@_BROWSEQUEUE_@_STANDARDBEHAVIOR@F11BROWSEQUEUEl
  40596C FETCH_@_BROWSEQUEUE_@_STANDARDBEHAVIOR@F11BROWSEQUEUEl
  405978 UPDATE_@_BROWSEQUEUE_@_STANDARDBEHAVIOR@F11BROWSEQUEUE
  405984 DELETE_@_BROWSEQUEUE_@_STANDARDBEHAVIOR@F11BROWSEQUEUE
  405990 FREE_@_BROWSEQUEUE_@_STANDARDBEHAVIOR@F11BROWSEQUEUE
  40599C WHO_@_BROWSEQUEUE_@_STANDARDBEHAVIOR@F11BROWSEQUEUEl
  4059AC GETVIEWPOSITION_@_BROWSEQUEUE_@_STANDARDBEHAVIOR@F11BROWSEQUEUE
  4059C4 SETVIEWPOSITION_@_BROWSEQUEUE_@_STANDARDBEHAVIOR@F11BROWSEQUEUEsb
  4059FC CHOICE_@_ILISTCONTROL_@_STANDARDBEHAVIOR@F12ILISTCONTROL
  405A08 GETCONTROL_@_ILISTCONTROL_@_STANDARDBEHAVIOR@F12ILISTCONTROL
  405A0C GETITEMS_@_ILISTCONTROL_@_STANDARDBEHAVIOR@F12ILISTCONTROL
  405A40 GETVISIBLE_@_ILISTCONTROL_@_STANDARDBEHAVIOR@F12ILISTCONTROL
  405A74 SETCHOICE_@_ILISTCONTROL_@_STANDARDBEHAVIOR@F12ILISTCONTROLl
  405AC8 SETCONTROL_@_ILISTCONTROL_@_STANDARDBEHAVIOR@F12ILISTCONTROLl
  405ACC GETSELECTEDITEM_@_ILISTCONTROL_@_STANDARDBEHAVIOR@F12ILISTCONTROL
  405B28 INIT@F16STANDARDBEHAVIORBqRsbl
  405B40 TAKENEWSELECTION@F16BROWSEEIPMANAGER
  405BD8 TAKECOMPLETED@F16BROWSEEIPMANAGERUc
  405DC0 KILL@F16BROWSEEIPMANAGER
  405DF4 INIT@F16BROWSEEIPMANAGER
  4061B8 CLEARCOLUMN@F16BROWSEEIPMANAGER
  406200 TAKEKEY@F16STEPLOCATORCLASS
  40642C SET@F16STEPLOCATORCLASS
  406430 INIT@F16STEPLOCATORCLASSlRuUc
  406458 UPDATEWINDOW@F12LOCATORCLASS
  406460 TAKEACCEPTED@F12LOCATORCLASS
  406464 SETSHADOW@F12LOCATORCLASSsb
  406480 SETENABLED@F12LOCATORCLASSUc
  4064C4 SETALERTS@F12LOCATORCLASSl
  4064C8 SETLOCATORFIELD@F12LOCATORCLASSRu
  40651C RESET@F12LOCATORCLASS
  406520 INIT@F12LOCATORCLASSlRuUc11BROWSECLASS
  406554 INIT@F12LOCATORCLASSlRuUc
  406570 GETSHADOW@F12LOCATORCLASS
  40658C DESTRUCT@F12LOCATORCLASS
  4065A0 UNHASH@F15STEPSTRINGCLASSl
  406630 SETLIMITNEEDED@F15STEPSTRINGCLASS
  406644 SETLIMIT@F15STEPSTRINGCLASSuu
  40692C KILL@F15STEPSTRINGCLASS
  406958 INIT@F15STEPSTRINGCLASSUcUc
  406B74 HASH@F15STEPSTRINGCLASSsb
  406C2C GETVALUE@F15STEPSTRINGCLASSUc
  406C84 GETPERCENTILE@F15STEPSTRINGCLASSu
  406D90 INIT@F9STEPCLASSUc
  406D94 TAKENEWSELECTION@F10EIPMANAGER
  406E0C TAKEFOCUSLOSS@F10EIPMANAGER
  406E60 TAKEFIELDEVENT@F10EIPMANAGER
  406FB0 TAKEEVENT@F10EIPMANAGER
  407040 TAKECOMPLETED@F10EIPMANAGERUc
  40708C TAKEACTION@F10EIPMANAGERl
  407394 TAKEACCEPTALL@F10EIPMANAGER
  4074E0 RUN@F10EIPMANAGERUc
  407578 RESETCOLUMN@F10EIPMANAGER
  407640 GETEDIT@F10EIPMANAGER
  40769C NEXT@F10EIPMANAGER
  407778 KILL@F10EIPMANAGER
  407900 INITCONTROLS@F10EIPMANAGER
  407B0C INIT@F10EIPMANAGER
  407B78 CLEARCOLUMN@F10EIPMANAGER
  407BC0 ADDCONTROL@F10EIPMANAGER9EDITCLASSlUc
  407C1C CREATECONTROL@F14EDITENTRYCLASS
  407C40 RESETCONTROL@F9EDITCLASS
  407C44 GETFEQ@F9EDITCLASS
  407C48 TAKEEVENT@F9EDITCLASSl
  407C90 TAKEACCEPTED@F9EDITCLASSUc
  407CA8 SETREADONLY@F9EDITCLASSUc
  407D04 SETALERTS@F9EDITCLASS
  407E04 KILL@F9EDITCLASS
  407E34 INIT@F9EDITCLASSllRu
  407FE0 KILL_@_WINDOWCOMPONENT_@_HISTHANDLERCLASS@F15WINDOWCOMPONENT
  407FE4 RESET_@_WINDOWCOMPONENT_@_HISTHANDLERCLASS@F15WINDOWCOMPONENTUc
  407FE8 RESETREQUIRED_@_WINDOWCOMPONENT_@_HISTHANDLERCLASS@F15WINDOWCOMPONENT
  407FEC SETALERTS_@_WINDOWCOMPONENT_@_HISTHANDLERCLASS@F15WINDOWCOMPONENT
  407FF0 TAKEEVENT_@_WINDOWCOMPONENT_@_HISTHANDLERCLASS@F15WINDOWCOMPONENT
  407FF8 UPDATE_@_WINDOWCOMPONENT_@_HISTHANDLERCLASS@F15WINDOWCOMPONENT
  407FFC UPDATEWINDOW_@_WINDOWCOMPONENT_@_HISTHANDLERCLASS@F15WINDOWCOMPONENT
  408010 VLBPROC@F16HISTHANDLERCLASSls
  4080BC TAKEEVENT@F16HISTHANDLERCLASS
  408184 INIT@F16HISTHANDLERCLASSBw10ERRORCLASS16ERRORHISTORYLIST
  408190 _VLBPROC@F16HISTHANDLERCLASSls
  4081A0 TAKEACCEPTED@F11MSGBOXCLASS
  4081DC SETUPADDITIONALFEQS@F11MSGBOXCLASS
  408264 KILL@F11MSGBOXCLASS
  4082A4 INIT@F11MSGBOXCLASS
  408554 INIT@F11MSGBOXCLASSBw10ERRORCLASSOsbllll
  4085EC FETCHSTDBUTTON@F11MSGBOXCLASSs
  408620 GETALLSTATUSVARIABLES@F10ERRORCLASS16ERRORSTATUSGROUP
  408650 GETERRORBUFFERFATALITY@F10ERRORCLASS
  408680 GETERRORBUFFERTITLE@F10ERRORCLASS
  4086B8 GETERRORBUFFERID@F10ERRORCLASS
  4086DC SETMESSAGETEXT@F10ERRORCLASSsb
  40872C SETKEYNAME@F10ERRORCLASSsb
  40877C SETFIELDNAME@F10ERRORCLASSsb
  4087CC SETFILENAME@F10ERRORCLASSsb
  40881C STOREERRORENTRY@F10ERRORCLASSUs
  40894C GETHISTORYRESETONVIEW@F10ERRORCLASS
  408998 SETHISTORYRESETONVIEW@F10ERRORCLASSUc
  4089E0 GETHISTORYVIEWLEVEL@F10ERRORCLASS
  408A2C SETHISTORYVIEWLEVEL@F10ERRORCLASSl
  408A74 GETHISTORYTHRESHOLD@F10ERRORCLASS
  408AC0 SETHISTORYTHRESHOLD@F10ERRORCLASSl
  408B08 GETLOGERRORS@F10ERRORCLASS
  408B54 GETSILENT@F10ERRORCLASS
  408BA0 SETDEFAULTCATEGORY@F10ERRORCLASSsa
  408BE8 GETDEFAULTCATEGORY@F10ERRORCLASS
  408C34 VIEWHISTORY@F10ERRORCLASS
  408C60 THROWMESSAGE@F10ERRORCLASSssb
  408CB0 THROW@F10ERRORCLASSs
  408CC4 TAKEUSER@F10ERRORCLASS
  408D20 TAKEPROGRAM@F10ERRORCLASS
  408D28 TAKEOTHER@F10ERRORCLASS
  408D30 TAKENOTIFY@F10ERRORCLASS
  408D7C TAKEFATAL@F10ERRORCLASS
  408E08 TAKEERROR@F10ERRORCLASSs
  40900C TAKEBENIGN@F10ERRORCLASS
  409010 SUBSSTRING@F10ERRORCLASS
  4093C4 SETPROCEDURENAME@F10ERRORCLASSOsb
  409474 GETERRORENTRY@F10ERRORCLASSUs15ERRORENTRYGROUPl
  409518 GETERRORENTRY@F10ERRORCLASSUs15ERRORENTRYGROUP
  40954C SETID@F10ERRORCLASSUsl
  409584 SETID@F10ERRORCLASSUs
  4095A0 SETKEY@F10ERRORCLASSsb
  4095DC SETFILE@F10ERRORCLASSsb
  409618 SETFIELD@F10ERRORCLASSsb
  409654 SETERRORS@F10ERRORCLASS
  4096D8 SETERRORLOG@F10ERRORCLASS17ERRORLOGINTERFACE
  409778 SETCATEGORY@F10ERRORCLASSssa
  4097C4 RESETHISTORY@F10ERRORCLASS
  4097EC REMOVEERROR@F10ERRORCLASSUs
  40982C MESSAGEBOX@F10ERRORCLASSUcsbOsbOsblll
  4098C4 MSG@F10ERRORCLASSsbOsbOsblll
  409C10 MESSAGE@F10ERRORCLASSsll
  409C74 KILL@F10ERRORCLASS
  409D18 INIT@F10ERRORCLASS16ERRORSTATUSCLASS
  409D74 INIT@F10ERRORCLASS
  409E48 HISTORYMSG@F10ERRORCLASSsblll
  40A008 GETPROCEDURENAME@F10ERRORCLASS
  40A0DC GETCATEGORY@F10ERRORCLASSs
  40A164 ADDHISTORY@F10ERRORCLASS
  40A194 ADDERRORS@F10ERRORCLASS10ERRORBLOCK
  40A340 ADDERROR@F10ERRORCLASSUsRsbRsbUcsa
  40A3EC DESTRUCT@F10ERRORCLASS
  40A408 CONSTRUCT@F10ERRORCLASS
  40A420 DESTRUCT@F16ERRORSTATUSCLASS
  40A454 CONSTRUCT@F16ERRORSTATUSCLASS
  40A58C CLOSE_@_ERRORLOGINTERFACE_@_STANDARDERRORLOGCLASS@F17ERRORLOGINTERFACEUc
  40A594 OPEN_@_ERRORLOGINTERFACE_@_STANDARDERRORLOGCLASS@F17ERRORLOGINTERFACEUc
  40A59C TAKE_@_ERRORLOGINTERFACE_@_STANDARDERRORLOGCLASS@F17ERRORLOGINTERFACEsb
  40A640 CLOSE@F21STANDARDERRORLOGCLASSUc
  40A6BC OPEN@F21STANDARDERRORLOGCLASSUc
  40A764 DESTRUCT@F21STANDARDERRORLOGCLASS
  40A770 CONSTRUCT@F21STANDARDERRORLOGCLASS
  40A9BC REMOVERELATIONFILEMAPPING@F12FILESMANAGER15RELATIONMANAGER
  40A9DC REMOVERELATIONFILEMAPPING@F12FILESMANAGERl
  40A9F8 REMOVEFILEMAPPING@F12FILESMANAGER11FILEMANAGER
  40AA14 REMOVEFILEMAPPING@F12FILESMANAGERl
  40AA30 NOTEUSAGE@F12FILESMANAGER11FILEMANAGERUc
  40AB08 NOTEOPEN@F12FILESMANAGER11FILEMANAGER
  40AB4C NOTECLOSE@F12FILESMANAGER11FILEMANAGER
  40ABDC GETRELATIONFILEMAPPING@F12FILESMANAGERl
  40AC14 GETFILEMAPPING@F12FILESMANAGERl
  40AC4C GETFILEID@F12FILESMANAGERBf
  40AC64 FINDRECORD@F12FILESMANAGER11FILEMANAGER
  40AD10 ADDFILEMAPPING@F12FILESMANAGER15RELATIONMANAGER
  40AD6C ADDFILEMAPPING@F12FILESMANAGER11FILEMANAGER
  40ADC8 DESTRUCT@F12FILESMANAGER
  40AE08 CONSTRUCT@F12FILESMANAGER
  40B560 OPENFILE_@_IFILEOPENSERVER_@_UNTHREADEDFILEOPENSERVER@F15IFILEOPENSERVERl
  40B5F0 CLOSEFILE_@_IFILEOPENSERVER_@_UNTHREADEDFILEOPENSERVER@F15IFILEOPENSERVER
  40B670 LINK_@_IFILEOPENSERVER_@_UNTHREADEDFILEOPENSERVER@F15IFILEOPENSERVER
  40B6C0 RELEASE_@_IFILEOPENSERVER_@_UNTHREADEDFILEOPENSERVER@F15IFILEOPENSERVER
  40B74C INIT@F24UNTHREADEDFILEOPENSERVERBf
  40B760 DESTRUCT@F24UNTHREADEDFILEOPENSERVER
  40B784 CONSTRUCT@F24UNTHREADEDFILEOPENSERVER
  40B7B4 OPENFILE_@_IFILEOPENSERVER_@_THREADEDFILEOPENSERVER@F15IFILEOPENSERVERl
  40B7E0 CLOSEFILE_@_IFILEOPENSERVER_@_THREADEDFILEOPENSERVER@F15IFILEOPENSERVER
  40B7F0 LINK_@_IFILEOPENSERVER_@_THREADEDFILEOPENSERVER@F15IFILEOPENSERVER
  40B7FC RELEASE_@_IFILEOPENSERVER_@_THREADEDFILEOPENSERVER@F15IFILEOPENSERVER
  40B808 RELEASE@F14FILEOPENSERVER
  40B834 LINK@F14FILEOPENSERVER
  40B838 INIT@F14FILEOPENSERVERBf
  40B83C DESTRUCT@F14FILEOPENSERVER
  40B844 CONSTRUCT@F14FILEOPENSERVER
  40B850 VALIDATERECORD@F11VIEWMANAGER
  40B854 UNUSEVIEW@F11VIEWMANAGER
  40B8EC USEVIEW@F11VIEWMANAGER
  40B9B0 SETSORT@F11VIEWMANAGERUc
  40B9DC SETORDER@F11VIEWMANAGERsb
  40BA6C SETFREEELEMENT@F11VIEWMANAGER
  40BAE8 SETFILTER@F11VIEWMANAGERsbsb
  40BC24 SETFILTER@F11VIEWMANAGERsb
  40BC6C SAVEBUFFERS@F11VIEWMANAGER
  40BD1C RESTOREBUFFERS@F11VIEWMANAGER
  40BD84 RESET@F11VIEWMANAGER
  40BD90 RESET@F11VIEWMANAGERUc
  40BDD8 PRIMERECORD@F11VIEWMANAGERUc
  40BF1C PREVIOUS@F11VIEWMANAGER
  40BF80 OPEN@F11VIEWMANAGER
  40BFFC NEXT@F11VIEWMANAGER
  40C060 LIMITMAJORCOMPONENTS@F11VIEWMANAGERRu
  40C11C KILL@F11VIEWMANAGER
  40C274 GETFIELDASCENDING@F11VIEWMANAGERRu
  40C5D8 INIT@F11VIEWMANAGERBi15RELATIONMANAGER9SORTORDER
  40C638 GETFREEELEMENTPOSITION@F11VIEWMANAGER
  40C690 GETFREEELEMENTNAME@F11VIEWMANAGER
  40C6E4 GETFREEELEMENTASCENDING@F11VIEWMANAGER
  40C73C CLEARFILESRECORD@F11VIEWMANAGER
  40C7F4 CLOSE@F11VIEWMANAGERUc
  40C810 CLOSE@F11VIEWMANAGER
  40C81C APPLYRANGE@F11VIEWMANAGER
  40C9E8 APPLYORDER@F11VIEWMANAGER
  40CA40 APPLYFILTER@F11VIEWMANAGER
  40CFA4 APPENDORDER@F11VIEWMANAGERsb
  40D084 ADDSORTORDER@F11VIEWMANAGERBk
  40D150 ADDRANGE@F11VIEWMANAGERRu15RELATIONMANAGER15RELATIONMANAGER
  40D178 ADDRANGE@F11VIEWMANAGERRu
  40D1D8 DESTRUCT@F11VIEWMANAGER
  40D1EC DEFEREDADDRELATIONS@F15RELATIONMANAGER
  40D1F0 UPDATESECONDARY@F15RELATIONMANAGERBk18BUFFEREDPAIRSCLASSUc
  40D380 UPDATE@F15RELATIONMANAGERUc
  40D594 INSERT@F15RELATIONMANAGER
  40D6EC SETOPENRELATED@F15RELATIONMANAGER
  40D6F4 SETQUICKSCAN@F15RELATIONMANAGERUcUc
  40D800 SAVE@F15RELATIONMANAGER
  40D848 FORCEOPEN@F15RELATIONMANAGERUc
  40D858 OPEN@F15RELATIONMANAGERUc
  40D880 OPENCLOSESERVER@F15RELATIONMANAGERUcUc
  40DA04 LOGOUTINSERT@F15RELATIONMANAGER
  40DA98 LOGOUTUPDATE@F15RELATIONMANAGER
  40DB04 LOGOUTPRIME@F15RELATIONMANAGER
  40DBE4 LOGOUTDELETE@F15RELATIONMANAGER
  40DC60 LISTLINKINGFIELDS@F15RELATIONMANAGER15RELATIONMANAGER15FIELDPAIRSCLASSUc
  40DDD0 KILL@F15RELATIONMANAGER
  40DE54 INIT@F15RELATIONMANAGER11FILEMANAGERUc
  40DE8C DELETESECONDARY@F15RELATIONMANAGERBk18BUFFEREDPAIRSCLASSUcUc
  40E124 DELETE@F15RELATIONMANAGERUc
  40E370 CLOSE@F15RELATIONMANAGERUc
  40E37C CASCADEUPDATES@F15RELATIONMANAGER
  40E458 CANCELAUTOINC@F15RELATIONMANAGER
  40E46C ADDRELATIONLINK@F15RELATIONMANAGERRsbRsb
  40E4D4 ADDRELATIONLINK@F15RELATIONMANAGERRuRu
  40E520 ADDRELATION@F15RELATIONMANAGER15RELATIONMANAGERUcUcBk
  40E580 ADDRELATION@F15RELATIONMANAGER15RELATIONMANAGER
  40E5AC DEFEREDRELATIONS@F15RELATIONMANAGER
  40E5D4 CONSTRUCT@F15RELATIONMANAGER
  40E5DC FUNCTIONCALLED_@_FILECALLBACKINTERFACE_@_FILEMANAGER@F21FILECALLBACKINTERFACEl6PARAMSRscRsc
  40E688 FUNCTIONDONE_@_FILECALLBACKINTERFACE_@_FILEMANAGER@F21FILECALLBACKINTERFACEl6PARAMSRscRsc
  40E7D4 POSTCREATE@F11FILEMANAGERRscRsc
  40E7DC PRECREATE@F11FILEMANAGERRscRsc
  40E7E4 POSTFETCH@F11FILEMANAGERlBksbllRscRsc
  40E808 PREFETCH@F11FILEMANAGERlBksbllRscRsc
  40E82C POSTUPDATE@F11FILEMANAGERRscRsc
  40E834 PREUPDATE@F11FILEMANAGERllRscRsc
  40E83C POSTINSERT@F11FILEMANAGERRscRsc
  40E844 PREINSERT@F11FILEMANAGERllRscRsc
  40E84C POSTDELETE@F11FILEMANAGERRscRsc
  40E854 PREDELETE@F11FILEMANAGERRscRsc
  40E85C FUNCTIONDONE@F11FILEMANAGERl6PARAMSRscRsc
  40E990 FUNCTIONCALLED@F11FILEMANAGERl6PARAMSRscRsc
  40EAF4 GETHASAUTOINC@F11FILEMANAGER
  40EAFC GETAUTOINCDONE@F11FILEMANAGER
  40EB04 GETMRPSIZE@F11FILEMANAGER
  40EB0C SETMRPSIZE@F11FILEMANAGERUc
  40EB14 GETUSEMRP@F11FILEMANAGER
  40EB1C SETUSEMRP@F11FILEMANAGERUc
  40EB24 DELETED@F11FILEMANAGER
  40EB28 DELETERECORD@F11FILEMANAGERUc
  40EB7C VALIDATERECORD@F11FILEMANAGERPl
  40EC34 VALIDATEFIELDS@F11FILEMANAGERllPl
  40ECF0 VALIDATEFIELDSERVER@F11FILEMANAGERlUc
  40ED5C TRYVALIDATEFIELD@F11FILEMANAGERl
  40ED6C VALIDATEFIELD@F11FILEMANAGERl
  40ED7C USEFILE@F11FILEMANAGERUc
  40EE70 UPDATESERVER@F11FILEMANAGERUc
  40EF68 UPDATE@F11FILEMANAGER
  40EF74 TRYUPDATE@F11FILEMANAGER
  40EF80 TRYREGET@F11FILEMANAGERsb
  40F028 TRYPRIMEAUTOINC@F11FILEMANAGER
  40F034 TRYPREVIOUS@F11FILEMANAGER
  40F044 TRYOPEN@F11FILEMANAGER
  40F054 TRYNEXT@F11FILEMANAGER
  40F064 TRYINSERT@F11FILEMANAGER
  40F070 TRYFETCH@F11FILEMANAGERBk
  40F0B8 THROWMESSAGE@F11FILEMANAGERUssb
  40F10C THROW@F11FILEMANAGER
  40F130 THROW@F11FILEMANAGERUs
  40F148 SETKEY@F11FILEMANAGERBk
  40F1A0 SETERRORS@F11FILEMANAGER10ERRORCLASS
  40F1A4 SETERROR@F11FILEMANAGERUs
  40F1BC SAVEFILE@F11FILEMANAGER
  40F2D8 SAVEBUFFER@F11FILEMANAGER
  40F430 RESTOREFILE@F11FILEMANAGERRUs11FILEMANAGERUc
  40F560 RESTOREFILE@F11FILEMANAGERRUsUc
  40F570 RESTOREBUFFER@F11FILEMANAGERRUs11FILEMANAGERUc
  40F6E0 RESTOREBUFFER@F11FILEMANAGERRUsUc
  40F6F0 PRIMERECORD@F11FILEMANAGERUc
  40F7FC PRIMEFIELDS@F11FILEMANAGER
  40F800 PRIMEAUTOINCSERVER@F11FILEMANAGERUc
  40FDB0 PRIMEAUTOINC@F11FILEMANAGER
  40FDBC PREVIOUS@F11FILEMANAGER
  40FDCC POSITION@F11FILEMANAGER
  40FE4C OPENSERVER@F11FILEMANAGERUcUc
  40FEAC OPENFILE@F11FILEMANAGERUc
  4100CC OPEN@F11FILEMANAGER
  4100DC NEXTSERVER@F11FILEMANAGERUcUc
  4101F8 NEXT@F11FILEMANAGER
  410208 KILL@F11FILEMANAGER
  41024C KEYTOORDER@F11FILEMANAGERBkUc
  410398 ISOPENED@F11FILEMANAGER
  4103B8 INSERTSERVER@F11FILEMANAGERUc
  4105D0 INSERT@F11FILEMANAGER
  4105DC INIT@F11FILEMANAGERBf10ERRORCLASS
  4106BC INIT@F11FILEMANAGER
  4106F8 GETOPENED@F11FILEMANAGER
  410700 GETNAME@F11FILEMANAGER
  410788 GETFIELDNAME@F11FILEMANAGERBkUc
  4107D8 GETFIELDASCENDING@F11FILEMANAGERBkUc
  41080C GETFIELD@F11FILEMANAGERBkUc
  410848 GETEOF@F11FILEMANAGER
  410850 GETCOMPONENTS@F11FILEMANAGERBk
  41086C FETCH@F11FILEMANAGERBk
  4108A4 EQUALBUFFER@F11FILEMANAGERRUs
  4109E0 CLOSE@F11FILEMANAGER
  410A74 CLEARKEY@F11FILEMANAGERBkUcUcUc
  410B24 CANCELAUTOINC@F11FILEMANAGER15RELATIONMANAGER
  410B94 BINDFIELDS@F11FILEMANAGER
  410BB8 ADDKEY@F11FILEMANAGERBksbUc
  410EB0 DESTRUCT@F11FILEMANAGER
  410EE4 SETOPTION@F10FUZZYCLASSUcUc
  410F48 KILL@F10FUZZYCLASS
  410F4C INIT@F10FUZZYCLASS
  410F60 CONSTRUCT@F10FUZZYCLASS
  4112D4 TOOLBOX@F10POPUPCLASSsb
  411360 SETTRANSLATOR@F10POPUPCLASS15TRANSLATORCLASS
  411370 SETTOOLBOX@F10POPUPCLASSsbUc
  4113DC SETICON@F10POPUPCLASSsbsb
  411454 SETITEMENABLE@F10POPUPCLASSsbUc
  411500 SETITEMCHECK@F10POPUPCLASSsbUc
  4115AC SETITEM@F10POPUPCLASSllsbsb
  4117C8 RESETTOOLBOX@F10POPUPCLASS
  411BD0 LOCATENAME@F10POPUPCLASSsb
  411C54 KILL@F10POPUPCLASS
  411C70 INIT@F10POPUPCLASS
  411CA4 GETNAME@F10POPUPCLASSl
  411DCC GETMENUTEXT@F10POPUPCLASS
  4120B4 GETLASTSELECTION@F10POPUPCLASS
  4120C4 GETITEMS@F10POPUPCLASSUc
  412170 EXECUTEPOPUP@F10POPUPCLASSsbllUc
  412248 EMPTYITEMS@F10POPUPCLASS
  412254 DELETEITEM@F10POPUPCLASSsb
  41229C CHECKMIMICS@F10POPUPCLASS
  41245C ASKTOOLBOX@F10POPUPCLASSsb
  412900 ASK@F10POPUPCLASSllUc
  412A5C ASK@F10POPUPCLASSll
  412A6C ADDSUBMENU@F10POPUPCLASSsbsbsb
  412B2C ADDSUBMENU@F10POPUPCLASSsbsb
  412B94 ADDMENU@F10POPUPCLASSsbUc
  412CF0 ADDITEMMIMIC@F10POPUPCLASSsblOsb
  412DD0 ADDITEMEVENT@F10POPUPCLASSsbll
  412EB4 ADDITEM@F10POPUPCLASSsbsbsbUc
  412F48 ADDITEM@F10POPUPCLASSsbsb
  412FB8 ADDITEM@F10POPUPCLASSsb
  413A10 CLEARQUERY@F10QUERYCLASS
  413AB8 GETQUERIES@F10QUERYCLASS11SECTORQUEUE
  413B58 RESTORE@F10QUERYCLASSsb
  4142E8 TAKE@F10QUERYCLASS10POPUPCLASS
  414388 SAVE@F10QUERYCLASSsb
  4144E4 SETQUICKPOPUP@F10QUERYCLASS10POPUPCLASSUs
  414A9C QUOTE@F10QUERYCLASSsb
  414B80 GETLIMIT@F10QUERYCLASSRscRscRUcUcRsc
  41513C GETFILTER@F10QUERYCLASS
  415648 MAKEOPERATOR@FsbsbRscRsc
  415A14 MAKEOPERATOR@Fsbsb
  4162F4 SETPOSITION@F16PAGEMANAGERCLASSlllll
  4163AC SETCENTRE@F16PAGEMANAGERCLASSlUcUc
  416410 KILL@F16PAGEMANAGERCLASS
  41646C INIT@F16PAGEMANAGERCLASS17PRINTPREVIEWCLASSllRsb
  416588 HIGHLIGHT@F16PAGEMANAGERCLASSl
  416608 GETPROP@F16PAGEMANAGERCLASSll
  416668 EXISTS@F16PAGEMANAGERCLASSl
  416684 DRAW@F16PAGEMANAGERCLASSll
  416D84 DELETE@F16PAGEMANAGERCLASSl
  416DCC DELETE@F16PAGEMANAGERCLASS
  416DEC COORDCONTAINED@F16PAGEMANAGERCLASSll
  416F00 TAKEWINDOWEVENT@F13REPORTMANAGER
  417120 TAKERECORD@F13REPORTMANAGER
  417240 TAKENORECORDS@F13REPORTMANAGER
  417250 TAKECLOSEEVENT@F13REPORTMANAGER
  417450 TAKEACCEPTED@F13REPORTMANAGER
  417480 SETDYNAMICCONTROLSATTRIBUTES@F13REPORTMANAGER
  417484 SETSTATICCONTROLSATTRIBUTES@F13REPORTMANAGER
  417488 PROCESSRESULTFILES@F13REPORTMANAGER15OUTPUTFILEQUEUE
  41748C OPENREPORT@F13REPORTMANAGER
  4175D0 OPEN@F13REPORTMANAGER
  417640 KILL@F13REPORTMANAGER
  417744 INIT@F13REPORTMANAGER12PROCESSCLASSBr17PRINTPREVIEWCLASS
  41787C NEXT@F13REPORTMANAGER
  4178F8 CANCELPRINTREPORT@F13REPORTMANAGER
  417934 PRINTREPORT@F13REPORTMANAGER
  417BB8 ENDREPORT@F13REPORTMANAGER
  417BF0 GETTOTALPAGES@F13REPORTMANAGER
  417BFC FETCHPAGE@F13REPORTMANAGERl
  417C4C ASKPREVIEW@F13REPORTMANAGER
  417D14 ASK@F13REPORTMANAGER
  417D68 GETOPENOUTPUTWHENFINISH@F13REPORTMANAGER
  417D70 SETOPENOUTPUTWHENFINISH@F13REPORTMANAGERUc
  417D78 GETUSEMRP@F13REPORTMANAGER
  417D80 SETUSEMRP@F13REPORTMANAGERUc
  417D88 TAKECURRENTPAGE@F17PRINTPREVIEWCLASS
  417F68 TAKEFIELDEVENT@F17PRINTPREVIEWCLASS
  417FC0 TAKEWINDOWEVENT@F17PRINTPREVIEWCLASS
  417FDC TAKEEVENT@F17PRINTPREVIEWCLASS
  418670 TAKEACCEPTED@F17PRINTPREVIEWCLASS
  418B2C SYNCIMAGEQUEUE@F17PRINTPREVIEWCLASS
  418B6C SETINIMANAGER@F17PRINTPREVIEWCLASS8INICLASS
  418B74 SETDEFAULTPAGES@F17PRINTPREVIEWCLASS
  418BBC RESETUSERZOOM@F17PRINTPREVIEWCLASS
  418C60 PROCESSRESULTFILES@F17PRINTPREVIEWCLASS15OUTPUTFILEQUEUE
  418C64 PARSEIMAGES@F17PRINTPREVIEWCLASSl
  418D10 ONPROCESSFILES@F17PRINTPREVIEWCLASS
  418D50 ONSAVEAS@F17PRINTPREVIEWCLASS
  418DA0 OPEN@F17PRINTPREVIEWCLASS
  4190F8 NEWZOOM@F17PRINTPREVIEWCLASS
  419114 KILL@F17PRINTPREVIEWCLASS
  4191B4 INPAGELIST@F17PRINTPREVIEWCLASSl
  4193C0 INITWINDOWPOSITION@F17PRINTPREVIEWCLASSBw
  4194E8 INIT@F17PRINTPREVIEWCLASS12PREVIEWQUEUE25REPORTTARGETSELECTORCLASS17WMFDOCUMENTPARSER
  419500 INIT@F17PRINTPREVIEWCLASS12PREVIEWQUEUE
  419708 DRAWPAGE@F17PRINTPREVIEWCLASS
  4197B0 DISPLAY@F17PRINTPREVIEWCLASSslUsUs
  419AD4 DELETEIMAGEQUEUE@F17PRINTPREVIEWCLASSl
  419B2C CONFIGMENUCHECKS@F17PRINTPREVIEWCLASS
  419BB4 ASKTHUMBNAILS@F17PRINTPREVIEWCLASS
  419CB0 ASKPRINTPAGES@F17PRINTPREVIEWCLASS
  419E74 ASKPAGE@F17PRINTPREVIEWCLASS
  419FAC CHILDPROCESSINGEND@F12PROCESSCLASSUs
  419FB4 CHILDPROCESSINGSTART@F12PROCESSCLASSUs
  419FE8 UPDATEDISPLAY@F12PROCESSCLASS
  41A064 TAKERECORD@F12PROCESSCLASS
  41A068 TAKELOCATE@F12PROCESSCLASS
  41A098 TAKEACCEPTED@F12PROCESSCLASS
  41A09C SETPROGRESSLIMITS@F12PROCESSCLASSsbsb
  41A174 SETPROGRESSLIMITS@F12PROCESSCLASS
  41A244 RESET@F12PROCESSCLASS
  41A2D0 NEXT@F12PROCESSCLASSUc
  41A564 KILL@F12PROCESSCLASS
  41A5BC INIT@F12PROCESSCLASSBi15RELATIONMANAGERlPUc9STEPCLASSRu
  41A604 INIT@F12PROCESSCLASSBi15RELATIONMANAGERlPUcl
  41A6B4 TAKERESIZE@F17WINDOWRESIZECLASS
  41A6BC KILL@F17WINDOWRESIZECLASS
  41A748 INIT@F22REPORTATTRIBUTEMANAGERBr
  41A74C DESTRUCT@F22REPORTATTRIBUTEMANAGER
  41A76C CONSTRUCT@F22REPORTATTRIBUTEMANAGER
  41ADC0 DESTRUCT@F25REPORTTARGETSELECTORCLASS
  41ADE0 CONSTRUCT@F25REPORTTARGETSELECTORCLASS
  41AE00 GETREPORTDEFAULT@F25REPORTTARGETSELECTORCLASS
  41AE40 GETREPORTSELECTED@F25REPORTTARGETSELECTORCLASS
  41AEA4 GETDEFAULTITEMINDEX@F25REPORTTARGETSELECTORCLASS
  41AEA8 GETSELECTEDITEMINDEX@F25REPORTTARGETSELECTORCLASS
  41AEAC SETDEFAULTOUTPUTGENERATOR@F25REPORTTARGETSELECTORCLASSsb
  41AEF0 GETOUTPUTGENERATORINDEX@F25REPORTTARGETSELECTORCLASSsb
  41AFD0 SETSELECTEDOUTPUTGENERATOR@F25REPORTTARGETSELECTORCLASSsb
  41B084 GETOUTPUTGENERATOR@F25REPORTTARGETSELECTORCLASSsb
  41B0DC GETOUTPUTGENERATORNAME@F25REPORTTARGETSELECTORCLASSsUc
  41B158 FILLQUEUE@F25REPORTTARGETSELECTORCLASSBqUc
  41B224 GETPRINTSELECTED@F25REPORTTARGETSELECTORCLASS
  41B234 ITEM@F25REPORTTARGETSELECTORCLASSsUc
  41B324 ITEMS@F25REPORTTARGETSELECTORCLASSUc
  41B384 ASK@F25REPORTTARGETSELECTORCLASSUcUc
  41B61C ADDITEM@F25REPORTTARGETSELECTORCLASS22IOUTPUTGENERATORTARGETUc
  41B6D0 TAKEEVENT@F12TOOLBARCLASSPl13WINDOWMANAGER
  41B6FC SETTARGET@F12TOOLBARCLASSl
  41B7A4 KILL@F12TOOLBARCLASS
  41B7BC INIT@F12TOOLBARCLASS
  41B7DC DISPLAYBUTTONS@F12TOOLBARCLASS
  41B804 ADDTARGET@F12TOOLBARCLASS13TOOLBARTARGETl
  41B838 TRYTAKETOOLBAR@F18TOOLBARUPDATECLASS
  41B844 TAKEEVENT@F18TOOLBARUPDATECLASSPl13WINDOWMANAGER
  41B880 TAKETOOLBAR@F18TOOLBARUPDATECLASS
  41B8C8 DISPLAYBUTTONS@F18TOOLBARUPDATECLASS
  41B988 TRYTAKETOOLBAR@F19TOOLBARLISTBOXCLASS
  41B9DC TAKEEVENT@F19TOOLBARLISTBOXCLASSPl13WINDOWMANAGER
  41BB24 TAKETOOLBAR@F19TOOLBARLISTBOXCLASS
  41BB48 DISPLAYBUTTONS@F19TOOLBARLISTBOXCLASS
  41BB74 TAKEEVENT@F13TOOLBARTARGETPl13WINDOWMANAGER
  41BBF4 DISPLAYBUTTONS@F13TOOLBARTARGET
  41BDD8 SETTIPS@Fsb
  41BF00 UPDATEQUEUE@F8INICLASSsbsbBqRuPuPuPu
  41C124 UPDATE@F8INICLASSsbsbsb
  41C1E0 UPDATE@F8INICLASSsbBw
  41C3C0 UPDATE@F8INICLASS
  41C3C4 TRYFETCH@F8INICLASSsbsb
  41C43C REMOVE@F8INICLASSsbsb
  41C5A4 KILL@F8INICLASS
  41C6DC INIT@F8INICLASSsbll
  41C7F4 GETSECTORS@F8INICLASSOsbOsbOsb11SECTORQUEUE
  41CA04 GETSECTOR@F8INICLASSsbsbsb
  41CAF4 GETFAMILY@F8INICLASSsbRscRscRsc
  41CC78 FETCHQUEUE@F8INICLASSsbsbBqRuPuPuPu
  41CEEC FETCHFIELD@F8INICLASSsbsbUc
  41D02C FETCH@F8INICLASSsbsbRu
  41D0F0 FETCH@F8INICLASSsbBw
  41D350 FETCH@F8INICLASSsbsb
  41D428 FETCH@F8INICLASS
  41D42C ADDSECTOR@F8INICLASSsb
  41D50C UPDATEWINDOWINFO@F8INICLASSsb10WINDOWINFO
  41D778 FETCHWINDOWINFO@F8INICLASSsb10WINDOWINFO
  41D9F0 UPDATE@F8INICLASSsbsbsbsb
  41DBDC FETCH@F8INICLASSsbsbsbsb
  41DE00 DESTRUCT@F8INICLASS
  41DE1C CONSTRUCT@F8INICLASS
  41DE30 KILL@F18BUFFEREDPAIRSCLASS
  41DEAC INIT@F18BUFFEREDPAIRSCLASS
  41DECC EQUALRIGHTBUFFER@F18BUFFEREDPAIRSCLASSUc
  41DF5C EQUALLEFTBUFFER@F18BUFFEREDPAIRSCLASSUc
  41DFE8 EQUALRIGHTBUFFER@F18BUFFEREDPAIRSCLASS
  41DFF4 EQUALLEFTBUFFER@F18BUFFEREDPAIRSCLASS
  41E000 ASSIGNRIGHTTOBUFFER@F18BUFFEREDPAIRSCLASS
  41E048 ASSIGNLEFTTOBUFFER@F18BUFFEREDPAIRSCLASS
  41E08C ASSIGNBUFFERTORIGHT@F18BUFFEREDPAIRSCLASS
  41E0D4 ASSIGNBUFFERTOLEFT@F18BUFFEREDPAIRSCLASS
  41E118 ADDPAIR@F18BUFFEREDPAIRSCLASSRuRu
  41E1B8 INIT@F15FIELDPAIRSCLASS
  41E1D4 KILL@F15FIELDPAIRSCLASS
  41E238 EQUALLEFTRIGHT@F15FIELDPAIRSCLASS
  41E288 EQUAL@F15FIELDPAIRSCLASS
  41E290 CLEARRIGHT@F15FIELDPAIRSCLASS
  41E2CC CLEARLEFT@F15FIELDPAIRSCLASS
  41E304 ASSIGNRIGHTTOLEFT@F15FIELDPAIRSCLASS
  41E348 ASSIGNLEFTTORIGHT@F15FIELDPAIRSCLASS
  41E38C ADDITEM@F15FIELDPAIRSCLASSRu
  41E3D0 ADDPAIR@F15FIELDPAIRSCLASSRuRu
  41E414 NEXT@F13CONSTANTCLASS
  41E5D0 SET@F13CONSTANTCLASSRsb
  41E624 RESET@F13CONSTANTCLASS
  41E674 KILL@F13CONSTANTCLASS
  41E6D4 INIT@F13CONSTANTCLASSUc
  41E718 GETCSTRING@F13CONSTANTCLASS
  41E798 GETPSTRING@F13CONSTANTCLASS
  41E824 GETLONG@F13CONSTANTCLASS
  41E848 GETUSHORT@F13CONSTANTCLASS
  41E870 GETSHORT@F13CONSTANTCLASS
  41E878 GETBYTE@F13CONSTANTCLASS
  41E88C ADDITEM@F13CONSTANTCLASSUcRu
  41E8C8 CONSTRUCT@F13CONSTANTCLASS
  41E8E0 REMOVEDOLLAR@Fsb
  41E9B4 ADDDOLLAR@Fsb
  41EB38 SAVEONINSERTACTION@F13WINDOWMANAGER
  41EBDC SAVEONCHANGEACTION@F13WINDOWMANAGER
  41ECF4 DELETEACTION@F13WINDOWMANAGER
  41EEB0 CHANGEACTION@F13WINDOWMANAGER
  41F220 INSERTACTION@F13WINDOWMANAGER
  41F410 TAKEDISABLEBUTTON@F13WINDOWMANAGERlUc
  41F438 UPDATE@F13WINDOWMANAGER
  41F474 TAKEWINDOWEVENT@F13WINDOWMANAGER
  41F69C TAKESELECTED@F13WINDOWMANAGER
  41F6A0 TAKEREJECTED@F13WINDOWMANAGER
  41F6DC TAKENOTIFY@F13WINDOWMANAGERlll
  41F6E0 TAKENEWSELECTION@F13WINDOWMANAGER
  41F760 TAKEFIELDEVENT@F13WINDOWMANAGER
  41F764 TAKEEVENT@F13WINDOWMANAGER
  41F918 TAKECLOSEEVENT@F13WINDOWMANAGER
  41FABC TAKECOMPLETED@F13WINDOWMANAGER
  41FB94 TAKEACCEPTED@F13WINDOWMANAGER
  41FC80 SETRESPONSE@F13WINDOWMANAGERUc
  41FCCC SETALERTS@F13WINDOWMANAGER
  41FD7C SAVEHISTORY@F13WINDOWMANAGER
  41FE24 RUN@F13WINDOWMANAGERUsUc
  41FE28 RUN@F13WINDOWMANAGER
  41FE74 RESTOREFIELD@F13WINDOWMANAGERl
  41FF48 RESETBUFFERS@F13WINDOWMANAGERUc
  41FFAC RESET@F13WINDOWMANAGERUc
  420034 PRIMEUPDATE@F13WINDOWMANAGER
  420178 PRIMEFIELDS@F13WINDOWMANAGER
  42017C POSTCOMPLETED@F13WINDOWMANAGER
  420214 OPEN@F13WINDOWMANAGERBwBw
  42025C OPEN@F13WINDOWMANAGER
  4202A0 MODALEVENT@F13WINDOWMANAGER
  420384 KILL@F13WINDOWMANAGER
  4204D8 INIT@F13WINDOWMANAGER
  420554 REMOVEITEM@F13WINDOWMANAGER15WINDOWCOMPONENT
  42058C ASK@F13WINDOWMANAGER
  4205F0 ADDUPDATEFILE@F13WINDOWMANAGER11FILEMANAGER
  420630 ADDITEM@F13WINDOWMANAGER15WINDOWCOMPONENT
  42065C ADDITEM@F13WINDOWMANAGER18TOOLBARUPDATECLASS
  4206B4 ADDITEM@F13WINDOWMANAGER12TOOLBARCLASS
  4206C8 ADDITEM@F13WINDOWMANAGERlUc
  4206EC ADDITEM@F13WINDOWMANAGER11BROWSECLASS
  420714 ADDHISTORYFILE@F13WINDOWMANAGERRgRg
  42076C ADDHISTORYFIELD@F13WINDOWMANAGERll
  420794 DISABLECANCELCONTROLS@F13WINDOWMANAGER
  4207EC ENABLECANCELCONTROLS@F13WINDOWMANAGER
  420A18 PROCESSDOCUMENT@F17WMFDOCUMENTPARSER
  420AC8 OPENDOCUMENT@F17WMFDOCUMENTPARSER
  420B34 CLOSEDOCUMENT@F17WMFDOCUMENTPARSER
  420B74 INIT@F17WMFDOCUMENTPARSER12PREVIEWQUEUE16IREPORTGENERATOR10ERRORCLASS
  420C0C GENERATEREPORT@F17WMFDOCUMENTPARSERUc
  420FA8 TAKERECORD@F9WMFPARSER
  42582C PROCESSFILE@F9WMFPARSER
  42584C PROCESSHEADER@F9WMFPARSER
  425A20 ADDOBJECT@F9WMFPARSERUc
  425AC0 CLOSEFILE@F9WMFPARSER
  425B00 RUN@F9WMFPARSER
  425B08 OPENFILE@F9WMFPARSER
  425BCC KILL@F9WMFPARSER
  425C34 INIT@F9WMFPARSERsb16IREPORTGENERATOR10ERRORCLASS
  425D00 GETBOXBOTTOM@F9WMFPARSER
  425D08 GETBOXRIGHT@F9WMFPARSER
  425D10 GETBOXTOP@F9WMFPARSER
  425D18 GETBOXLEFT@F9WMFPARSER
  425D20 DESTRUCT@F9WMFPARSER
  425E04 CONSTRUCT@F9WMFPARSER
  425F2C GETIFACE@F15CRITICALSECTION
  425F30 DESTRUCT@F15CRITICALSECTION
  425F44 CONSTRUCT@F15CRITICALSECTION
  425F58 KILL@F17CRITICALPROCEDURE
  425F7C INIT@F17CRITICALPROCEDURE11ISYNCOBJECT
  425F9C DESTRUCT@F17CRITICALPROCEDURE
  425FA4 CONSTRUCT@F17CRITICALPROCEDURE
  4266B0 __thr_inst0
  4266C0 __thr_init_entry
  4266E0 __thr_init_exit
  42974C ZAVRSNIML001$PREGLEDJM@F
  4298FC ZAVRSNIML001$PREGLEDND@F
  429AAC ZAVRSNIML001$PREGLEDIK@F
  429C5C ZAVRSNIML001$PREGLEDNARUCITELJA@F
  429E0C ZAVRSNIML001$PREGLEDNARUDZBENICA@F
  429FBC ZAVRSNIML001$PREGLEDMJESTA@F
  42A1D4 ZAVRSNIML001$PREGLEDARTIKALA@F
  42A3AC ZAVRSNIML001$SKOCNIPROZOR@F
  42A440 MAIN@F
  42DD28 ZAVRSNIML002$ISPISNARUDZBI@F
  42DFA8 ZAVRSNIML002$ISPISMJESTA@F
  42E168 ZAVRSNIML002$AZURIRANJESTAVKE@F
  42E2F8 ZAVRSNIML002$AZURIRANJEARTIKALA@F
  42E484 ZAVRSNIML002$AZURIRANJENARUDZBENICE@F
  42E768 ZAVRSNIML002$AZURIRANJEND@F
  42E8E0 ZAVRSNIML002$AZURIRANJENARUCITELJA@F
  42EA74 ZAVRSNIML002$AZURIRANJEIK@F
  42EC18 ZAVRSNIML002$AZURIRANJEJM@F
  42ED90 ZAVRSNIML002$AZURIRANJEMJESTA@F
  42F3B0 ZAVRSNIML003$ISPISODREDENENARUDZBE@F
  42FBD4 KILL@F18HIDE:RELATE:STAVKA
  42FC1C DEFEREDADDRELATIONS@F18HIDE:RELATE:STAVKA
  42FC3C INIT@F18HIDE:RELATE:STAVKA
  42FC74 USEFILE@F18HIDE:ACCESS:STAVKAUc
  42FD40 KILL@F18HIDE:ACCESS:STAVKA
  42FD60 INIT@F18HIDE:ACCESS:STAVKA
  42FDE0 KILL@F18HIDE:RELATE:ARTIKL
  42FE28 DEFEREDADDRELATIONS@F18HIDE:RELATE:ARTIKL
  42FE48 INIT@F18HIDE:RELATE:ARTIKL
  42FE80 USEFILE@F18HIDE:ACCESS:ARTIKLUc
  42FF7C KILL@F18HIDE:ACCESS:ARTIKL
  42FF9C INIT@F18HIDE:ACCESS:ARTIKL
  43001C KILL@F26HIDE:RELATE:JEDINICA_MJERE
  430064 DEFEREDADDRELATIONS@F26HIDE:RELATE:JEDINICA_MJERE
  430084 INIT@F26HIDE:RELATE:JEDINICA_MJERE
  4300BC USEFILE@F26HIDE:ACCESS:JEDINICA_MJEREUc
  430160 KILL@F26HIDE:ACCESS:JEDINICA_MJERE
  430180 INIT@F26HIDE:ACCESS:JEDINICA_MJERE
  430200 KILL@F25HIDE:RELATE:NACIN_DOSTAVE
  430248 DEFEREDADDRELATIONS@F25HIDE:RELATE:NACIN_DOSTAVE
  430268 INIT@F25HIDE:RELATE:NACIN_DOSTAVE
  4302A0 VALIDATEFIELDSERVER@F25HIDE:ACCESS:NACIN_DOSTAVElUc
  430374 USEFILE@F25HIDE:ACCESS:NACIN_DOSTAVEUc
  430418 KILL@F25HIDE:ACCESS:NACIN_DOSTAVE
  430438 INIT@F25HIDE:ACCESS:NACIN_DOSTAVE
  4304B8 KILL@F22HIDE:RELATE:NARUCITELJ
  430500 DEFEREDADDRELATIONS@F22HIDE:RELATE:NARUCITELJ
  430520 INIT@F22HIDE:RELATE:NARUCITELJ
  430558 USEFILE@F22HIDE:ACCESS:NARUCITELJUc
  430624 KILL@F22HIDE:ACCESS:NARUCITELJ
  430644 INIT@F22HIDE:ACCESS:NARUCITELJ
  4306C4 KILL@F26HIDE:RELATE:IZDAVACKA_KUCA
  43070C DEFEREDADDRELATIONS@F26HIDE:RELATE:IZDAVACKA_KUCA
  43072C INIT@F26HIDE:RELATE:IZDAVACKA_KUCA
  430764 USEFILE@F26HIDE:ACCESS:IZDAVACKA_KUCAUc
  430830 KILL@F26HIDE:ACCESS:IZDAVACKA_KUCA
  430850 INIT@F26HIDE:ACCESS:IZDAVACKA_KUCA
  4308D0 KILL@F18HIDE:RELATE:MJESTO
  430918 DEFEREDADDRELATIONS@F18HIDE:RELATE:MJESTO
  430938 INIT@F18HIDE:RELATE:MJESTO
  430970 USEFILE@F18HIDE:ACCESS:MJESTOUc
  430A14 KILL@F18HIDE:ACCESS:MJESTO
  430A34 INIT@F18HIDE:ACCESS:MJESTO
  430AB4 KILL@F24HIDE:RELATE:NARUDZBENICA
  430AFC DEFEREDADDRELATIONS@F24HIDE:RELATE:NARUDZBENICA
  430B1C INIT@F24HIDE:RELATE:NARUDZBENICA
  430B54 USEFILE@F24HIDE:ACCESS:NARUDZBENICAUc
  430C80 KILL@F24HIDE:ACCESS:NARUDZBENICA
  430CA0 INIT@F24HIDE:ACCESS:NARUDZBENICA
  430D20 ZAVRSNIML_BC0$ZAVRSNIML_BC0:FILESINIT@F
  430DD4 ZAVRSNIML_BC0$ZAVRSNIML_BC0:DCTKILL@F
  430F1C ZAVRSNIML_BC0$ZAVRSNIML_BC0:DCTINIT@F
  4312B0 DCTKILL@F
  4312B8 DCTINIT@F
  4312C4 _main
  43135C DESTRUCT@F10DICTIONARY
  431364 CONSTRUCT@F10DICTIONARY
  432000 $DEFAULTERRORS
  433404 $OVERRIDECHARACTERS
  433424 $SCROLL:NAME
  433550 $SCROLL:ALPHA
  433618 TYPE$BROWSECLASS
  433A00 TYPE$BROWSEEIPMANAGER
  433CD4 VMT$BROWSEEIPMANAGER
  433D78 VMT$BROWSECLASS
  433F4C TYPE$STANDARDBEHAVIOR
  433F88 VMT$STANDARDBEHAVIOR
  433FD8 TYPE$STEPLOCATORCLASS
  434028 VMT$STEPLOCATORCLASS
  434064 TYPE$STEPSTRINGCLASS
  4340B4 VMT$STEPSTRINGCLASS
  4340F8 TYPE$COLORMAP
  434124 TCB$COLORMAP
  434134 TYPE$EDITENTRYCLASS
  43417C VMT$EDITENTRYCLASS
  43431C STDERRORFILE$TYPE$RECORD
  434334 $STDERRORFILE
  4343B0 TYPE$PNQ
  4343D0 TYPE$DEFAULTERRORS
  434650 TYPE$HISTHANDLERCLASS
  434698 VMT$HISTHANDLERCLASS
  4346C8 TYPE$MSGBOXCLASS
  434940 VMT$MSGBOXCLASS
  4349C8 TYPE$ERRORCLASS
  434C24 VMT$ERRORCLASS
  434C70 TYPE$STANDARDERRORLOGCLASS
  434CA8 VMT$STANDARDERRORLOGCLASS
  434CC0 TYPE$ERRORSTATUSCLASS
  434DB4 VMT$ERRORSTATUSCLASS
  434E90 TYPE$UNTHREADEDFILEOPENERMAP
  434EB4 TCB$UNTHREADEDFILEOPENERMAP
  434EC4 TYPE$FILESMANAGER
  434F08 VMT$FILESMANAGER
  434F14 TYPE$FILEMAPPING_T
  434F40 TYPE$FILEMAPPING_R
  434F70 TYPE$STATUSQ_T
  434FD8 TYPE$UNTHREADEDFILEOPENSERVER
  435034 VMT$UNTHREADEDFILEOPENSERVER
  435058 TYPE$THREADEDFILEOPENSERVER
  435098 VMT$THREADEDFILEOPENSERVER
  4352A0 TYPE$FUZZYCLASS
  435348 VMT$FUZZYCLASS
  435384 TYPE$POPUPITEMQUEUE
  4353F4 TYPE$POPUPCLASS
  4354A0 VMT$POPUPCLASS
  43558C TYPE$FIELDQUEUE
  435778 TYPE$PAGEMANAGERCLASS
  435830 VMT$PAGEMANAGERCLASS
  43583C TYPE$ZOOMITEMQUEUE
  435874 $ZOOMPRESETS
  435968 TYPE$PRINTPREVIEWCLASS
  435FD0 VMT$PRINTPREVIEWCLASS
  43608C TYPE$REPORTATTRIBUTEMANAGER
  4360A8 VMT$REPORTATTRIBUTEMANAGER
  436150 TYPE$REPORTTARGETSELECTORCLASS
  4361DC VMT$REPORTTARGETSELECTORCLASS
  436270 TYPE$TOOLBARTARGETQUEUE
  43628C $UPDATECHANGETIPS
  436398 $UPDATEINSERTTIPS
  4363D8 $LISTBOXTIPS
  436494 TYPE$TOOLBARCLASS
  4364AC VMT$TOOLBARCLASS
  4364C4 TYPE$TOOLBARUPDATECLASS
  43654C VMT$TOOLBARUPDATECLASS
  436568 TYPE$TOOLBARLISTBOXCLASS
  4365E4 VMT$TOOLBARLISTBOXCLASS
  436684 TYPE$CONSTDESCRIPTORLIST
  4366AC TYPE$CONSTANTCLASS
  43674C VMT$CONSTANTCLASS
  436758 TYPE$INICLASS
  4367A0 VMT$INICLASS
  43682C TYPE$BUFFEREDPAIRSCLASS
  436850 VMT$BUFFEREDPAIRSCLASS
  436888 TYPE$FIELDPAIRSCLASS
  4368A0 VMT$FIELDPAIRSCLASS
  4368D0 TYPE$FILELIST
  4368F4 TYPE$HISTORYLIST
  43692C TYPE$BUTTONLIST
  436950 TYPE$COMPONENTLIST
  436A70 WMFINFILE$TYPE$WMFF@:RECORD
  436A90 TYPE$QUEUEDC
  436AF4 TYPE$QUEUEHOLES
  436B08 TYPE$QUEUEBRUSH
  436B34 TYPE$QUEUEPENS
  436B60 TYPE$QUEUEFONTS
  436BA8 TYPE$QUEUEOBJECTS
  436BC4 TYPE$WMFDOCUMENTPARSER
  436C28 VMT$WMFDOCUMENTPARSER
  436C34 TYPE$WMFPARSER
  43774C VMT$WMFPARSER
  437758 TYPE$POINTQUEUE
  437774 TYPE$SLICEFORMATQUEUE
  43781C TYPE$TEXTFORMATQUEUE
  4378D4 TYPE$CRITICALSECTION
  4378EC VMT$CRITICALSECTION
  4378F8 TYPE$CRITICALPROCEDURE
  437910 VMT$CRITICALPROCEDURE
  43EDAC TYPE$HIDE:RELATE:STAVKA
  43EE50 VMT$HIDE:RELATE:STAVKA
  43EE8C TYPE$HIDE:ACCESS:STAVKA
  43F09C VMT$HIDE:ACCESS:STAVKA
  43F18C TYPE$HIDE:RELATE:ARTIKL
  43F230 VMT$HIDE:RELATE:ARTIKL
  43F26C TYPE$HIDE:ACCESS:ARTIKL
  43F47C VMT$HIDE:ACCESS:ARTIKL
  43F56C TYPE$HIDE:RELATE:JEDINICA_MJERE
  43F610 VMT$HIDE:RELATE:JEDINICA_MJERE
  43F64C TYPE$HIDE:ACCESS:JEDINICA_MJERE
  43F85C VMT$HIDE:ACCESS:JEDINICA_MJERE
  43F94C TYPE$HIDE:RELATE:NACIN_DOSTAVE
  43F9F0 VMT$HIDE:RELATE:NACIN_DOSTAVE
  43FA2C TYPE$HIDE:ACCESS:NACIN_DOSTAVE
  43FC3C VMT$HIDE:ACCESS:NACIN_DOSTAVE
  43FD2C TYPE$HIDE:RELATE:NARUCITELJ
  43FDD0 VMT$HIDE:RELATE:NARUCITELJ
  43FE0C TYPE$HIDE:ACCESS:NARUCITELJ
  44001C VMT$HIDE:ACCESS:NARUCITELJ
  44010C TYPE$HIDE:RELATE:IZDAVACKA_KUCA
  4401B0 VMT$HIDE:RELATE:IZDAVACKA_KUCA
  4401EC TYPE$HIDE:ACCESS:IZDAVACKA_KUCA
  4403FC VMT$HIDE:ACCESS:IZDAVACKA_KUCA
  4404EC TYPE$HIDE:RELATE:MJESTO
  440590 VMT$HIDE:RELATE:MJESTO
  4405CC TYPE$HIDE:ACCESS:MJESTO
  4407DC VMT$HIDE:ACCESS:MJESTO
  4408CC TYPE$HIDE:RELATE:NARUDZBENICA
  440970 VMT$HIDE:RELATE:NARUDZBENICA
  4409AC TYPE$HIDE:ACCESS:NARUDZBENICA
  440BBC VMT$HIDE:ACCESS:NARUDZBENICA
  440E34 TYPE$DICTIONARY
  440E44 VMT$DICTIONARY
  440E50 STAVKA$TYPE$STA:RECORD
  440ED8 ARTIKL$TYPE$ART:RECORD
  440F38 JEDINICA_MJERE$TYPE$JED:RECORD
  440F84 NACIN_DOSTAVE$TYPE$NAC:RECORD
  440FD0 NARUCITELJ$TYPE$NARU:RECORD
  441070 IZDAVACKA_KUCA$TYPE$IZD:RECORD
  44114C MJESTO$TYPE$MJE:RECORD
  44118C NARUDZBENICA$TYPE$NAR:RECORD
  44150C VMTP$DICTIONARY
  44160C VMTP$HIDE:RELATE:STAVKA
  441614 VMTP$HIDE:ACCESS:STAVKA
  44161C VMTP$HIDE:RELATE:ARTIKL
  441624 VMTP$HIDE:ACCESS:ARTIKL
  44162C VMTP$HIDE:RELATE:JEDINICA_MJERE
  441634 VMTP$HIDE:ACCESS:JEDINICA_MJERE
  44163C VMTP$HIDE:RELATE:NACIN_DOSTAVE
  441644 VMTP$HIDE:ACCESS:NACIN_DOSTAVE
  44164C VMTP$HIDE:RELATE:NARUCITELJ
  441654 VMTP$HIDE:ACCESS:NARUCITELJ
  44165C VMTP$HIDE:RELATE:IZDAVACKA_KUCA
  441664 VMTP$HIDE:ACCESS:IZDAVACKA_KUCA
  44166C VMTP$HIDE:RELATE:MJESTO
  441674 VMTP$HIDE:ACCESS:MJESTO
  44167C VMTP$HIDE:RELATE:NARUDZBENICA
  441684 VMTP$HIDE:ACCESS:NARUDZBENICA
  44168C VMTP$FILESMANAGER
  441694 VMTP$UNTHREADEDFILEOPENSERVER
  44169C VMTP$THREADEDFILEOPENSERVER
  4416A4 VMTP$CONSTANTCLASS
  4416AC VMTP$INICLASS
  4416B4 VMTP$BUFFEREDPAIRSCLASS
  4416BC VMTP$FIELDPAIRSCLASS
  4416C4 VMTP$POPUPCLASS
  4416CC VMTP$TOOLBARCLASS
  4416D4 VMTP$TOOLBARUPDATECLASS
  4416DC VMTP$TOOLBARLISTBOXCLASS
  4416E4 VMTP$EDITENTRYCLASS
  4416EC VMTP$BROWSEEIPMANAGER
  4416F4 VMTP$BROWSECLASS
  4416FC VMTP$STANDARDBEHAVIOR
  441704 VMTP$STEPLOCATORCLASS
  44170C VMTP$STEPSTRINGCLASS
  441714 VMTP$HISTHANDLERCLASS
  44171C VMTP$MSGBOXCLASS
  441724 VMTP$ERRORCLASS
  44172C VMTP$STANDARDERRORLOGCLASS
  441734 VMTP$ERRORSTATUSCLASS
  44173C VMTP$FUZZYCLASS
  441744 VMTP$WMFDOCUMENTPARSER
  44174C VMTP$WMFPARSER
  441754 VMTP$REPORTATTRIBUTEMANAGER
  44175C VMTP$REPORTTARGETSELECTORCLASS
  441764 VMTP$PAGEMANAGERCLASS
  44176C VMTP$PRINTPREVIEWCLASS
  441774 VMTP$CRITICALSECTION
  44177C VMTP$CRITICALPROCEDURE
  441790 $FUZZYMATCHER
  442DB4 $COLORMAP
  442DEC $MULTIWINDOW
  442DF0 $TXTWINDOW
  442DF4 $WINDOW
  442DF8 STDERRORFILE$RECORD
  4431F8 $UNTHREADEDFILEOPENERMAP
  443200 $CREATEOPENERCRIT
  443310 KEYS$WMFINFILE
  443344 $INIMGR
  44345C MEMOS$NARUCITELJ
  444008 STAVKA$STA:PK_STAVKA
  44402C STAVKA$STA:VK_STAVKA
  444050 KEYS$STAVKA
  444058 $STAVKA
  4440AC ARTIKL$ART:PK_ARTIKL
  4440D0 ARTIKL$ART:VK_ARTIKL
  4440F4 ARTIKL$ART:SK_ARTIKLNAZIV
  444118 KEYS$ARTIKL
  444124 $ARTIKL
  444178 JEDINICA_MJERE$JED:PK_JEDINICAMJERE
  44419C KEYS$JEDINICA_MJERE
  4441A0 $JEDINICA_MJERE
  4441F4 NACIN_DOSTAVE$NAC:PK_NACINDOSTAVE
  444218 KEYS$NACIN_DOSTAVE
  44421C $NACIN_DOSTAVE
  444270 NARUCITELJ$NARU:PK_NARUCITELJ
  444294 NARUCITELJ$NARU:VK_NARUCITELJ
  4442B8 KEYS$NARUCITELJ
  4442C0 $NARUCITELJ
  444314 IZDAVACKA_KUCA$IZD:PK_IZDAVACKAKUCA
  444338 IZDAVACKA_KUCA$IZD:VK_IZDAVACKAKUCA
  44435C KEYS$IZDAVACKA_KUCA
  444364 $IZDAVACKA_KUCA
  4443B8 MJESTO$MJE:PK_MJESTO
  4443DC KEYS$MJESTO
  4443E0 $MJESTO
  444434 NARUDZBENICA$NAR:PK_NARUDZBENICA
  444458 NARUDZBENICA$NAR:VK_NARUDZBENICAOIB
  44447C NARUDZBENICA$NAR:VK_NARUDZBENICAIK
  4444A0 NARUDZBENICA$NAR:VK_NARUDZBENICAND
  4444C4 KEYS$NARUDZBENICA
  4444D4 $NARUDZBENICA
  444754 $EPOC
  4447AC $WMFINFILE
  4448B0 $GLOBALERRORSTATUS
  445BD4 $GLOBALREQUEST
  445BD8 $GLOBALRESPONSE
  445BDC $VCRREQUEST
  445BE0 $DICTIONARY
  445BE4 STAVKA$STA:RECORD
  445C08 ARTIKL$ART:RECORD
  445C40 JEDINICA_MJERE$JED:RECORD
  445C58 NACIN_DOSTAVE$NAC:RECORD
  445CA0 NARUCITELJ$NARU:RECORD
  445D24 IZDAVACKA_KUCA$IZD:RECORD
  445E00 MJESTO$MJE:RECORD
  445E38 NARUDZBENICA$NAR:RECORD
  445F90 $RELATE:STAVKA
  445F94 $ACCESS:STAVKA
  445F98 $RELATE:ARTIKL
  445F9C $ACCESS:ARTIKL
  445FA0 $RELATE:JEDINICA_MJERE
  445FA4 $ACCESS:JEDINICA_MJERE
  445FA8 $RELATE:NACIN_DOSTAVE
  445FAC $ACCESS:NACIN_DOSTAVE
  445FB0 $RELATE:NARUCITELJ
  445FB4 $ACCESS:NARUCITELJ
  445FB8 $RELATE:IZDAVACKA_KUCA
  445FBC $ACCESS:IZDAVACKA_KUCA
  445FC0 $RELATE:MJESTO
  445FC4 $ACCESS:MJESTO
  445FC8 $RELATE:NARUDZBENICA
  445FCC $ACCESS:NARUDZBENICA
  4463F0 ZAVRSNIML_BC0$_HIDE:RELATE:STAVKA
  4463F4 ZAVRSNIML_BC0$_HIDE:ACCESS:STAVKA
  4463F8 ZAVRSNIML_BC0$_HIDE:RELATE:ARTIKL
  4463FC ZAVRSNIML_BC0$_HIDE:ACCESS:ARTIKL
  446400 ZAVRSNIML_BC0$_HIDE:RELATE:JEDINICA_MJERE
  446404 ZAVRSNIML_BC0$_HIDE:ACCESS:JEDINICA_MJERE
  446408 ZAVRSNIML_BC0$_HIDE:RELATE:NACIN_DOSTAVE
  44640C ZAVRSNIML_BC0$_HIDE:ACCESS:NACIN_DOSTAVE
  446410 ZAVRSNIML_BC0$_HIDE:RELATE:NARUCITELJ
  446414 ZAVRSNIML_BC0$_HIDE:ACCESS:NARUCITELJ
  446418 ZAVRSNIML_BC0$_HIDE:RELATE:IZDAVACKA_KUCA
  44641C ZAVRSNIML_BC0$_HIDE:ACCESS:IZDAVACKA_KUCA
  446420 ZAVRSNIML_BC0$_HIDE:RELATE:MJESTO
  446424 ZAVRSNIML_BC0$_HIDE:ACCESS:MJESTO
  446428 ZAVRSNIML_BC0$_HIDE:RELATE:NARUDZBENICA
  44642C ZAVRSNIML_BC0$_HIDE:ACCESS:NARUDZBENICA
  446430 $FILESMANAGER
  446448 $SZDBTEXTLOG
  446D3C WMFINFILE$WMFF@:RECORD
  459000 __import_section_start
  45AAD4 __import_section_end

Imports
ClaASC.dll:ASCII 459094
ClaDOS.dll:DOS 4590A4
ClaRUN.dll:Cla$ACCEPTED 45944C,401000
ClaRUN.dll:Cla$ADDqueue 459450
ClaRUN.dll:Cla$ADDqueuekey 459454,401008
ClaRUN.dll:Cla$ADDqueueptr 459458
ClaRUN.dll:Cla$AddressUfo 45945C
ClaRUN.dll:Cla$AssignLong2RefUfo 459460
ClaRUN.dll:Cla$AssignReal2RefUfo 459464
ClaRUN.dll:Cla$AssignRefUfo 459468
ClaRUN.dll:Cla$BEEP 45946C,401010
ClaRUN.dll:Cla$BindG 459470
ClaRUN.dll:Cla$CHOICE 459474,401018
ClaRUN.dll:Cla$CLEAR 459478
ClaRUN.dll:Cla$CLEARqueue 45947C
ClaRUN.dll:Cla$clearstr 459480
ClaRUN.dll:Cla$ClearType 459484
ClaRUN.dll:Cla$ClearUfo 459488
ClaRUN.dll:Cla$CLOCK 45948C,401020
ClaRUN.dll:Cla$CloneUfo 459490
ClaRUN.dll:Cla$CLOSEwindow 459494,401028
ClaRUN.dll:Cla$code 459498
ClaRUN.dll:Cla$COMMIT 45949C,401030
ClaRUN.dll:Cla$comparestr 4594A0
ClaRUN.dll:Cla$CREATE 4594A4
ClaRUN.dll:Cla$DecAdd 4594A8
ClaRUN.dll:Cla$DecDistinct 4594AC
ClaRUN.dll:Cla$DecDistinctR 4594B0
ClaRUN.dll:Cla$DecDivide 4594B4
ClaRUN.dll:Cla$DecMul 4594B8
ClaRUN.dll:Cla$DecSub 4594BC
ClaRUN.dll:Cla$DecSubR 4594C0
ClaRUN.dll:Cla$DELETEqueue 4594C4,401038
ClaRUN.dll:Cla$DELETEREG 4594C8,401040
ClaRUN.dll:Cla$DESTROY 4594CC,401048
ClaRUN.dll:Cla$DISABLE 4594D0,401050
ClaRUN.dll:Cla$DISPLAY 4594D4,401058
ClaRUN.dll:Cla$DISPOSEqueue 4594D8
ClaRUN.dll:Cla$DISPOSEref 4594DC
ClaRUN.dll:Cla$DISPOSEvref 4594E0
ClaRUN.dll:Cla$Dlongpower 4594E4
ClaRUN.dll:Cla$DPopDec 4594E8
ClaRUN.dll:Cla$DPopLong 4594EC
ClaRUN.dll:Cla$DPopReal 4594F0
ClaRUN.dll:Cla$DPopUlong 4594F4
ClaRUN.dll:Cla$DPushConstant 4594F8
ClaRUN.dll:Cla$DPushDec 4594FC
ClaRUN.dll:Cla$DPushLong 459500
ClaRUN.dll:Cla$DPushULong 459504
ClaRUN.dll:Cla$DRound 459508
ClaRUN.dll:Cla$DStack2Stack 45950C
ClaRUN.dll:Cla$ENABLE 459510,401060
ClaRUN.dll:Cla$EndEventLoop 459514
ClaRUN.dll:Cla$EndEventLoops 459518
ClaRUN.dll:Cla$ENDPAGE 45951C,401068
ClaRUN.dll:Cla$ERRORCODE 459520,401070
ClaRUN.dll:Cla$Evaluate 459524,401078
ClaRUN.dll:Cla$EVENT 459528,401080
ClaRUN.dll:Cla$FIELD 45952C,401088
ClaRUN.dll:Cla$FILEERRORCODE 459530,401090
ClaRUN.dll:Cla$FILEERRORMSG 459534,401098
ClaRUN.dll:Cla$FileExists 459538,4010A0
ClaRUN.dll:Cla$FILE_ADDf 45953C
ClaRUN.dll:Cla$FILE_BUFFER 459540,4010A8
ClaRUN.dll:Cla$FILE_BUILDf 459544,4010B0
ClaRUN.dll:Cla$FILE_BYTES 459548,4010B8
ClaRUN.dll:CLA$FILE_CALLBACK 45954C,4010C0
ClaRUN.dll:Cla$FILE_CLEAR 459550
ClaRUN.dll:Cla$FILE_CLOSE 459554,4010C8
ClaRUN.dll:Cla$FILE_CREATE 459558
ClaRUN.dll:Cla$FILE_DELETE 45955C,4010D0
ClaRUN.dll:CLA$FILE_DESTROY 459560
ClaRUN.dll:Cla$FILE_DUPLICATEk 459564,4010D8
ClaRUN.dll:Cla$FILE_FLUSH 459568,4010E0
ClaRUN.dll:CLA$FILE_FREESTATE 45956C,4010E8
ClaRUN.dll:Cla$FILE_GETfk 459570
ClaRUN.dll:Cla$FILE_GETfl 459574
ClaRUN.dll:Cla$FILE_GETflu 459578
ClaRUN.dll:Cla$FILE_GETNULLS 45957C,4010F0
ClaRUN.dll:CLA$FILE_GETSTATE 459580,4010F8
ClaRUN.dll:Cla$FILE_GET_PROPERTY 459584
ClaRUN.dll:Cla$FILE_NAME 459588,401100
ClaRUN.dll:Cla$FILE_NEXT 45958C,401108
ClaRUN.dll:Cla$FILE_NOMEMO 459590,401110
ClaRUN.dll:Cla$FILE_OPEN 459594,401118
ClaRUN.dll:Cla$FILE_POSITIONf 459598,401120
ClaRUN.dll:Cla$FILE_POSITIONk 45959C,401128
ClaRUN.dll:Cla$FILE_PREV 4595A0,401130
ClaRUN.dll:Cla$FILE_PUTf 4595A4
ClaRUN.dll:Cla$FILE_RECORDSf 4595A8,401138
ClaRUN.dll:Cla$FILE_REGETf 4595AC,401140
ClaRUN.dll:Cla$FILE_REGETk 4595B0,401148
ClaRUN.dll:Cla$FILE_RESETf 4595B4,401150
ClaRUN.dll:Cla$FILE_RESETk 4595B8,401158
ClaRUN.dll:CLA$FILE_RESTORESTATE 4595BC,401160
ClaRUN.dll:Cla$FILE_SEND 4595C0,401168
ClaRUN.dll:Cla$FILE_SETk 4595C4,401170
ClaRUN.dll:Cla$FILE_SETkk 4595C8,401178
ClaRUN.dll:Cla$FILE_SETNULLS 4595CC,401180
ClaRUN.dll:Cla$FILE_SET_PROPERTY 4595D0
ClaRUN.dll:Cla$FILE_WATCH 4595D4,401188
ClaRUN.dll:Cla$FOCUS 4595D8,401190
ClaRUN.dll:Cla$FREEqueue 4595DC
ClaRUN.dll:Cla$FREEqueuea 4595E0,401198
ClaRUN.dll:Cla$freestr 4595E4
ClaRUN.dll:Cla$FreeUfo 4595E8
ClaRUN.dll:Cla$freewindow 4595EC
ClaRUN.dll:Cla$GETINI 4595F0,4011A0
ClaRUN.dll:Cla$GETPOSITION 4595F4,4011A8
ClaRUN.dll:Cla$GETPOSITIONw 4595F8,4011B0
ClaRUN.dll:Cla$GetPropS 4595FC
ClaRUN.dll:Cla$GETqueuekey 459600,4011B8
ClaRUN.dll:Cla$GETqueueptr 459604
ClaRUN.dll:Cla$GETREG 459608,4011C0
ClaRUN.dll:Cla$Group2Ufo 45960C
ClaRUN.dll:Cla$HALT 459610,4011C8
ClaRUN.dll:Cla$HIDE 459614,4011D0
ClaRUN.dll:Cla$init 459618
ClaRUN.dll:Cla$INSTANCE 45961C,4011D8
ClaRUN.dll:Cla$IsAlpha 459620,4011E0
ClaRUN.dll:Cla$IsUfoString 459624,4011E8
ClaRUN.dll:Cla$IsUpper 459628,4011F0
ClaRUN.dll:Cla$KEYCHAR 45962C,4011F8
ClaRUN.dll:Cla$KEYCODE 459630,401200
ClaRUN.dll:Cla$KEY_GET_PROPERTY 459634
ClaRUN.dll:Cla$loaddec 459638
ClaRUN.dll:Cla$LOGOUT 45963C,401208
ClaRUN.dll:Cla$longtostr 459640
ClaRUN.dll:Cla$Mem2Ufo 459644
ClaRUN.dll:Cla$MessageBox 459648,401210
ClaRUN.dll:Cla$MOUSEX 45964C,401218
ClaRUN.dll:Cla$MOUSEY 459650,401220
ClaRUN.dll:Cla$NewMemB 459654
ClaRUN.dll:Cla$NewMemT 459658
ClaRUN.dll:Cla$NewMemZ 45965C
ClaRUN.dll:Cla$NEWqueue 459660
ClaRUN.dll:Cla$NOTIFICATION 459664,401228
ClaRUN.dll:Cla$OPENowned 459668,401230
ClaRUN.dll:Cla$OPENwindow 45966C,401238
ClaRUN.dll:Cla$paopen 459670,401240
ClaRUN.dll:Cla$pmopen 459674,401248
ClaRUN.dll:Cla$POINTERqueue 459678,401250
ClaRUN.dll:Cla$PopAString 45967C
ClaRUN.dll:Cla$PopBind 459680,401258
ClaRUN.dll:Cla$PopCString 459684
ClaRUN.dll:Cla$PopReal 459688
ClaRUN.dll:Cla$PopString 45968C
ClaRUN.dll:Cla$PopTemp 459690
ClaRUN.dll:Cla$POPUP 459694,401260
ClaRUN.dll:Cla$POST 459698,401268
ClaRUN.dll:Cla$PRESSKEY 45969C,401270
ClaRUN.dll:Cla$PRINTreport 4596A0
ClaRUN.dll:Cla$propen 4596A4,401278
ClaRUN.dll:Cla$PushAString 4596A8
ClaRUN.dll:Cla$PushBind 4596AC,401280
ClaRUN.dll:Cla$PushCString 4596B0
ClaRUN.dll:Cla$PushLong 4596B4
ClaRUN.dll:Cla$PushPictLong 4596B8
ClaRUN.dll:Cla$PushString 4596BC
ClaRUN.dll:Cla$PushUfo 4596C0
ClaRUN.dll:Cla$PUTINI 4596C4,401288
ClaRUN.dll:Cla$PUTqueue 4596C8
ClaRUN.dll:Cla$PUTREG 4596CC,401290
ClaRUN.dll:Cla$pwopen 4596D0,401298
ClaRUN.dll:Cla$RECORDSqueue 4596D4,4012A0
ClaRUN.dll:Cla$RefAssignAny 4596D8
ClaRUN.dll:Cla$REGULAR 4596DC,4012A8
ClaRUN.dll:Cla$RemoveFile 4596E0,4012B0
ClaRUN.dll:Cla$ROLLBACK 4596E4,4012B8
ClaRUN.dll:Cla$rterr 4596E8,4012C0
ClaRUN.dll:Cla$RUN 4596EC,4012C8
ClaRUN.dll:Cla$SELECT 4596F0,4012D0
ClaRUN.dll:Cla$SETCURSOR 4596F4,4012D8
ClaRUN.dll:Cla$SETKEYCODE 4596F8,4012E0
ClaRUN.dll:Cla$SETLAYOUT 4596FC,4012E8
ClaRUN.dll:Cla$SETPOSITION 459700,4012F0
ClaRUN.dll:Cla$SETPOSITIONw 459704,4012F8
ClaRUN.dll:Cla$SetPropF 459708
ClaRUN.dll:Cla$SetPropQ 45970C
ClaRUN.dll:Cla$SetPropS 459710
ClaRUN.dll:Cla$SetPropV 459714
ClaRUN.dll:Cla$SETTARGET 459718,401300
ClaRUN.dll:Cla$SORTqueuekey 45971C,401308
ClaRUN.dll:Cla$Stack2DStack 459720
ClaRUN.dll:Cla$Stack2Ufo 459724
ClaRUN.dll:Cla$StackCLIP 459728,401310
ClaRUN.dll:Cla$StackCompareN 45972C
ClaRUN.dll:Cla$StackCompareNEQ 459730
ClaRUN.dll:Cla$StackCompareR 459734
ClaRUN.dll:Cla$StackConcat 459738
ClaRUN.dll:Cla$StackConcatR 45973C
ClaRUN.dll:Cla$StackDEFORMAT2 459740
ClaRUN.dll:Cla$StackErrstr 459744,401318
ClaRUN.dll:Cla$StackHeap 459748
ClaRUN.dll:Cla$StackINSTRING 45974C,401320
ClaRUN.dll:Cla$StackLEFT 459750,401328
ClaRUN.dll:Cla$StackLen 459754,401330
ClaRUN.dll:Cla$StackNUMERIC 459758,401338
ClaRUN.dll:Cla$STACKpop 45975C
ClaRUN.dll:Cla$StackRotate 459760
ClaRUN.dll:Cla$StackSUB 459764,401340
ClaRUN.dll:Cla$StackUPPER 459768,401348
ClaRUN.dll:Cla$START 45976C,401350
ClaRUN.dll:Cla$START2 459770,401358
ClaRUN.dll:Cla$StartEventLoop 459774
ClaRUN.dll:Cla$storecstr 459778
ClaRUN.dll:Cla$storedec 45977C
ClaRUN.dll:Cla$storestr 459780
ClaRUN.dll:Cla$String2Ref 459784
ClaRUN.dll:Cla$THREAD 459788,401360
ClaRUN.dll:Cla$THREAD_FILE 45978C
ClaRUN.dll:Cla$TODAY 459790,401368
ClaRUN.dll:Cla$Ufo2Real 459794
ClaRUN.dll:Cla$UfoCompareN 459798
ClaRUN.dll:Cla$Ufodistinct 45979C
ClaRUN.dll:Cla$UNHIDE 4597A0,401370
ClaRUN.dll:Cla$UNREGISTEREVENT 4597A4,401378
ClaRUN.dll:Cla$UPDATE 4597A8,401380
ClaRUN.dll:Cla$VIEW_RESETvf 4597AC,401388
ClaRUN.dll:Cla$VIEW_SETvl 4597B0,401390
ClaRUN.dll:Cla$WHAT 4597B4,401398
ClaRUN.dll:Cla$WHATqueue 4597B8,4013A0
ClaRUN.dll:Cla$WHOqueue 4597BC,4013A8
ClaRUN.dll:Cla$YIELD 4597C0,4013B0
ClaRUN.dll:NewCriticalSection 4597C4,4013B8
ClaRUN.dll:THR$GetInstance 4597C8,4013C0
ClaRUN.dll:VIEWDRIVER 4597CC
ClaRUN.dll:_exit 4597D0,4013C8
ClaRUN.dll:_fnsplit 4597D4,4013D0
ClaRUN.dll:_free 4597D8
ClaRUN.dll:_malloc 4597DC
ClaRUN.dll:__sysinit 4597E0,4013D8
ClaRUN.dll:__sysstart 4597E4,4013E0
ClaTPS.dll:TOPSPEED 4597F4
KERNEL32.dll:MulDiv 459804,4013E8
USER32.dll:GetSystemMetrics 459814,4013F0



Entry Point:   425FAC